{
  "types": {
    "type_user:User": {
      "name": "User",
      "shape": {
        "type": "object",
        "extends": [],
        "properties": [
          {
            "key": "name",
            "valueType": {
              "type": "primitive",
              "value": {
                "type": "string"
              }
            }
          },
          {
            "key": "tags",
            "valueType": {
              "type": "list",
              "itemType": {
                "type": "primitive",
                "value": {
                  "type": "string"
                }
              }
            }
          }
        ]
      }
    },
    "type_user:NestedUser": {
      "name": "NestedUser",
      "shape": {
        "type": "object",
        "extends": [],
        "properties": [
          {
            "key": "name",
            "valueType": {
              "type": "primitive",
              "value": {
                "type": "string"
              }
            }
          },
          {
            "key": "user",
            "valueType": {
              "type": "id",
              "value": "type_user:User"
            }
          }
        ]
      }
    }
  },
  "subpackages": {
    "subpackage_user": {
      "subpackageId": "subpackage_user",
      "name": "user",
      "endpoints": [
        {
          "auth": false,
          "method": "GET",
          "id": "getUsername",
          "originalEndpointId": "endpoint_user.getUsername",
          "name": "Get Username",
          "path": {
            "pathParameters": [],
            "parts": [
              {
                "type": "literal",
                "value": "/user"
              },
              {
                "type": "literal",
                "value": ""
              }
            ]
          },
          "queryParameters": [
            {
              "key": "limit",
              "type": {
                "type": "primitive",
                "value": {
                  "type": "integer"
                }
              }
            },
            {
              "key": "id",
              "type": {
                "type": "primitive",
                "value": {
                  "type": "uuid"
                }
              }
            },
            {
              "key": "date",
              "type": {
                "type": "primitive",
                "value": {
                  "type": "date"
                }
              }
            },
            {
              "key": "deadline",
              "type": {
                "type": "primitive",
                "value": {
                  "type": "datetime"
                }
              }
            },
            {
              "key": "bytes",
              "type": {
                "type": "primitive",
                "value": {
                  "type": "base64"
                }
              }
            },
            {
              "key": "user",
              "type": {
                "type": "id",
                "value": "type_user:User"
              }
            },
            {
              "key": "userList",
              "type": {
                "type": "list",
                "itemType": {
                  "type": "id",
                  "value": "type_user:User"
                }
              }
            },
            {
              "key": "optionalDeadline",
              "type": {
                "type": "optional",
                "itemType": {
                  "type": "primitive",
                  "value": {
                    "type": "datetime"
                  }
                }
              }
            },
            {
              "key": "keyValue",
              "type": {
                "type": "map",
                "keyType": {
                  "type": "primitive",
                  "value": {
                    "type": "string"
                  }
                },
                "valueType": {
                  "type": "primitive",
                  "value": {
                    "type": "string"
                  }
                }
              }
            },
            {
              "key": "optionalString",
              "type": {
                "type": "optional",
                "itemType": {
                  "type": "primitive",
                  "value": {
                    "type": "string"
                  }
                }
              }
            },
            {
              "key": "nestedUser",
              "type": {
                "type": "id",
                "value": "type_user:NestedUser"
              }
            },
            {
              "key": "optionalUser",
              "type": {
                "type": "optional",
                "itemType": {
                  "type": "id",
                  "value": "type_user:User"
                }
              }
            },
            {
              "key": "excludeUser",
              "type": {
                "type": "id",
                "value": "type_user:User"
              }
            },
            {
              "key": "filter",
              "type": {
                "type": "primitive",
                "value": {
                  "type": "string"
                }
              }
            }
          ],
          "headers": [],
          "response": {
            "type": {
              "type": "reference",
              "value": {
                "type": "id",
                "value": "type_user:User"
              }
            }
          },
          "errorsV2": [],
          "examples": []
        }
      ],
      "webhooks": [],
      "websockets": [],
      "types": [
        "type_user:User",
        "type_user:NestedUser"
      ],
      "subpackages": []
    }
  },
  "rootPackage": {
    "endpoints": [],
    "webhooks": [],
    "websockets": [],
    "types": [],
    "subpackages": [
      "subpackage_user"
    ]
  },
  "snippetsConfiguration": {},
  "globalHeaders": []
}