// Vitest Snapshot v1, https://vitest.dev/guide/snapshot.html

exports[`x-fern-global-headers > x-fern-global-headers > docs 1`] = `
{
  "definitionFiles": {
    "user.yml": {
      "imports": {
        "root": "__package__.yml",
      },
      "service": {
        "auth": false,
        "base-path": "",
        "endpoints": {
          "get": {
            "auth": false,
            "docs": undefined,
            "examples": [
              {
                "headers": {
                  "x-api-key": "x-api-key",
                },
                "path-parameters": {
                  "userId": "userId",
                },
                "request": {
                  "stream": false,
                },
                "response": {
                  "body": {
                    "id": "id",
                    "streamed": false,
                  },
                },
              },
            ],
            "method": "POST",
            "pagination": undefined,
            "path": "/user/{userId}",
            "path-parameters": {
              "userId": "string",
            },
            "request": {
              "body": {
                "properties": {
                  "stream": {
                    "audiences": [
                      "public",
                    ],
                    "docs": undefined,
                    "type": "literal<false>",
                  },
                },
              },
              "content-type": "application/json",
              "headers": {
                "x-api-key": {
                  "name": "apiKey",
                  "type": "string",
                },
              },
              "name": "UserGetRequest",
              "query-parameters": undefined,
            },
            "response": {
              "docs": "",
              "type": "root.User",
            },
          },
          "get_stream": {
            "auth": false,
            "docs": undefined,
            "method": "POST",
            "pagination": undefined,
            "path": "/user/{userId}",
            "path-parameters": {
              "userId": "string",
            },
            "request": {
              "body": {
                "properties": {
                  "stream": {
                    "audiences": [
                      "public",
                    ],
                    "docs": undefined,
                    "type": "literal<true>",
                  },
                },
              },
              "content-type": "application/json",
              "headers": {
                "x-api-key": {
                  "name": "apiKey",
                  "type": "string",
                },
              },
              "name": "UserGetStreamRequest",
              "query-parameters": undefined,
            },
            "response-stream": {
              "docs": "",
              "format": "json",
              "type": "root.StreamUser",
            },
          },
        },
        "source": {
          "openapi": "x-fern-global-headers/openapi.yml",
        },
      },
    },
  },
  "packageMarkerFile": {
    "types": {
      "StreamUser": {
        "docs": undefined,
        "properties": {
          "id": {
            "type": "optional<string>",
            "validation": {
              "format": "uuid",
              "maxLength": undefined,
              "minLength": undefined,
              "pattern": undefined,
            },
          },
          "streamed": "optional<literal<true>>",
        },
        "source": {
          "openapi": "x-fern-global-headers/openapi.yml",
        },
      },
      "User": {
        "docs": undefined,
        "properties": {
          "id": {
            "type": "optional<string>",
            "validation": {
              "format": "uuid",
              "maxLength": undefined,
              "minLength": undefined,
              "pattern": undefined,
            },
          },
          "streamed": "optional<literal<false>>",
        },
        "source": {
          "openapi": "x-fern-global-headers/openapi.yml",
        },
      },
    },
  },
  "rootApiFile": {
    "display-name": "Test extension \`x-fern-audiences\` alongside \`x-fern-streaming\`.",
    "error-discrimination": {
      "strategy": "status-code",
    },
    "headers": {
      "another_header": {
        "env": "MY_HEADER_ENV",
        "name": undefined,
        "type": "optional<string>",
      },
      "my-api-key": {
        "env": undefined,
        "name": "api-key-alias",
        "type": "optional<string>",
      },
      "version": {
        "env": "SQUARE_VERSION",
        "name": "Square-Version",
        "type": "literal<"2024-06-04">",
      },
    },
    "name": "api",
    "version": {
      "default": "1.0",
      "header": "my-api-version",
      "values": [
        "1.0",
        "latest",
      ],
    },
  },
}
`;

exports[`x-fern-global-headers > x-fern-global-headers > docs 2`] = `
{
  "definitionFiles": {
    "user.yml": {
      "imports": {
        "root": "__package__.yml",
      },
      "service": {
        "auth": false,
        "base-path": "",
        "endpoints": {
          "get": {
            "auth": false,
            "docs": undefined,
            "examples": [
              {
                "headers": {
                  "x-api-key": "x-api-key",
                },
                "path-parameters": {
                  "userId": "userId",
                },
                "request": {
                  "stream": false,
                },
                "response": {
                  "body": {
                    "id": "id",
                    "streamed": false,
                  },
                },
              },
            ],
            "method": "POST",
            "pagination": undefined,
            "path": "/user/{userId}",
            "path-parameters": {
              "userId": "string",
            },
            "request": {
              "body": {
                "properties": {
                  "stream": {
                    "audiences": [
                      "public",
                    ],
                    "docs": undefined,
                    "type": "literal<false>",
                  },
                },
              },
              "content-type": "application/json",
              "headers": {
                "x-api-key": {
                  "name": "apiKey",
                  "type": "string",
                },
              },
              "name": "UserGetRequest",
              "query-parameters": undefined,
            },
            "response": {
              "docs": "",
              "type": "root.User",
            },
          },
          "get_stream": {
            "auth": false,
            "docs": undefined,
            "method": "POST",
            "pagination": undefined,
            "path": "/user/{userId}",
            "path-parameters": {
              "userId": "string",
            },
            "request": {
              "body": {
                "properties": {
                  "stream": {
                    "audiences": [
                      "public",
                    ],
                    "docs": undefined,
                    "type": "literal<true>",
                  },
                },
              },
              "content-type": "application/json",
              "headers": {
                "x-api-key": {
                  "name": "apiKey",
                  "type": "string",
                },
              },
              "name": "UserGetStreamRequest",
              "query-parameters": undefined,
            },
            "response-stream": {
              "docs": "",
              "format": "json",
              "type": "root.StreamUser",
            },
          },
        },
        "source": {
          "openapi": "x-fern-global-headers/openapi.yml",
        },
      },
    },
  },
  "packageMarkerFile": {
    "types": {
      "StreamUser": {
        "docs": undefined,
        "properties": {
          "id": {
            "type": "optional<string>",
            "validation": {
              "format": "uuid",
              "maxLength": undefined,
              "minLength": undefined,
              "pattern": undefined,
            },
          },
          "streamed": "optional<literal<true>>",
        },
        "source": {
          "openapi": "x-fern-global-headers/openapi.yml",
        },
      },
      "User": {
        "docs": undefined,
        "properties": {
          "id": {
            "type": "optional<string>",
            "validation": {
              "format": "uuid",
              "maxLength": undefined,
              "minLength": undefined,
              "pattern": undefined,
            },
          },
          "streamed": "optional<literal<false>>",
        },
        "source": {
          "openapi": "x-fern-global-headers/openapi.yml",
        },
      },
    },
  },
  "rootApiFile": {
    "display-name": "Test extension \`x-fern-audiences\` alongside \`x-fern-streaming\`.",
    "error-discrimination": {
      "strategy": "status-code",
    },
    "headers": {
      "another_header": {
        "env": "MY_HEADER_ENV",
        "name": undefined,
        "type": "optional<string>",
      },
      "my-api-key": {
        "env": undefined,
        "name": "api-key-alias",
        "type": "optional<string>",
      },
      "version": {
        "env": "SQUARE_VERSION",
        "name": "Square-Version",
        "type": "literal<"2024-06-04">",
      },
    },
    "name": "api",
    "version": {
      "default": "1.0",
      "header": "my-api-version",
      "values": [
        "1.0",
        "latest",
      ],
    },
  },
}
`;

exports[`x-fern-global-headers > x-fern-global-headers > simple 1`] = `
{
  "definitionFiles": {
    "user.yml": {
      "imports": {
        "root": "__package__.yml",
      },
      "service": {
        "auth": false,
        "base-path": "",
        "endpoints": {
          "get": {
            "auth": false,
            "docs": undefined,
            "examples": [
              {
                "headers": {},
                "path-parameters": {
                  "userId": "userId",
                },
                "request": {
                  "stream": false,
                },
                "response": {
                  "body": {
                    "id": "id",
                    "streamed": false,
                  },
                },
              },
            ],
            "method": "POST",
            "pagination": undefined,
            "path": "/user/{userId}",
            "path-parameters": {
              "userId": "string",
            },
            "request": {
              "body": {
                "properties": {
                  "stream": {
                    "audiences": [
                      "public",
                    ],
                    "docs": undefined,
                    "type": "literal<false>",
                  },
                },
              },
              "content-type": "application/json",
              "headers": undefined,
              "name": "UserGetRequest",
              "query-parameters": undefined,
            },
            "response": {
              "docs": "",
              "type": "root.User",
            },
          },
          "get_stream": {
            "auth": false,
            "docs": undefined,
            "method": "POST",
            "pagination": undefined,
            "path": "/user/{userId}",
            "path-parameters": {
              "userId": "string",
            },
            "request": {
              "body": {
                "properties": {
                  "stream": {
                    "audiences": [
                      "public",
                    ],
                    "docs": undefined,
                    "type": "literal<true>",
                  },
                },
              },
              "content-type": "application/json",
              "headers": undefined,
              "name": "UserGetStreamRequest",
              "query-parameters": undefined,
            },
            "response-stream": {
              "docs": "",
              "format": "json",
              "type": "root.StreamUser",
            },
          },
        },
        "source": {
          "openapi": "x-fern-global-headers/openapi.yml",
        },
      },
    },
  },
  "packageMarkerFile": {
    "types": {
      "StreamUser": {
        "docs": undefined,
        "properties": {
          "id": {
            "type": "optional<string>",
            "validation": {
              "format": "uuid",
              "maxLength": undefined,
              "minLength": undefined,
              "pattern": undefined,
            },
          },
          "streamed": "optional<literal<true>>",
        },
        "source": {
          "openapi": "x-fern-global-headers/openapi.yml",
        },
      },
      "User": {
        "docs": undefined,
        "properties": {
          "id": {
            "type": "optional<string>",
            "validation": {
              "format": "uuid",
              "maxLength": undefined,
              "minLength": undefined,
              "pattern": undefined,
            },
          },
          "streamed": "optional<literal<false>>",
        },
        "source": {
          "openapi": "x-fern-global-headers/openapi.yml",
        },
      },
    },
  },
  "rootApiFile": {
    "display-name": "Test extension \`x-fern-audiences\` alongside \`x-fern-streaming\`.",
    "error-discrimination": {
      "strategy": "status-code",
    },
    "headers": {
      "another_header": {
        "env": "MY_HEADER_ENV",
        "name": undefined,
        "type": "optional<string>",
      },
      "my-api-key": {
        "env": undefined,
        "name": "api-key-alias",
        "type": "optional<string>",
      },
      "version": {
        "env": "SQUARE_VERSION",
        "name": "Square-Version",
        "type": "literal<"2024-06-04">",
      },
      "x-api-key": {
        "name": "apiKey",
        "type": "string",
      },
    },
    "name": "api",
    "version": {
      "default": "1.0",
      "header": "my-api-version",
      "values": [
        "1.0",
        "latest",
      ],
    },
  },
}
`;

exports[`x-fern-global-headers > x-fern-global-headers > simple 2`] = `
{
  "definitionFiles": {
    "user.yml": {
      "imports": {
        "root": "__package__.yml",
      },
      "service": {
        "auth": false,
        "base-path": "",
        "endpoints": {
          "get": {
            "auth": false,
            "docs": undefined,
            "examples": [
              {
                "headers": {
                  "another_header": "another_header",
                  "my-api-key": "my-api-key",
                  "x-api-key": "x-api-key",
                },
                "path-parameters": {
                  "userId": "userId",
                },
                "request": {
                  "stream": false,
                },
                "response": {
                  "body": {
                    "id": "id",
                    "streamed": false,
                  },
                },
              },
            ],
            "method": "POST",
            "pagination": undefined,
            "path": "/user/{userId}",
            "path-parameters": {
              "userId": "string",
            },
            "request": {
              "body": {
                "properties": {
                  "stream": {
                    "audiences": [
                      "public",
                    ],
                    "docs": undefined,
                    "type": "literal<false>",
                  },
                },
              },
              "content-type": "application/json",
              "headers": {
                "another_header": {
                  "name": "anotherHeader",
                  "type": "string",
                },
                "my-api-key": {
                  "name": "myApiKey",
                  "type": "string",
                },
                "x-api-key": {
                  "name": "apiKey",
                  "type": "string",
                },
              },
              "name": "UserGetRequest",
              "query-parameters": undefined,
            },
            "response": {
              "docs": "",
              "type": "root.User",
            },
          },
          "get_stream": {
            "auth": false,
            "docs": undefined,
            "method": "POST",
            "pagination": undefined,
            "path": "/user/{userId}",
            "path-parameters": {
              "userId": "string",
            },
            "request": {
              "body": {
                "properties": {
                  "stream": {
                    "audiences": [
                      "public",
                    ],
                    "docs": undefined,
                    "type": "literal<true>",
                  },
                },
              },
              "content-type": "application/json",
              "headers": {
                "another_header": {
                  "name": "anotherHeader",
                  "type": "string",
                },
                "my-api-key": {
                  "name": "myApiKey",
                  "type": "string",
                },
                "x-api-key": {
                  "name": "apiKey",
                  "type": "string",
                },
              },
              "name": "UserGetStreamRequest",
              "query-parameters": undefined,
            },
            "response-stream": {
              "docs": "",
              "format": "json",
              "type": "root.StreamUser",
            },
          },
        },
        "source": {
          "openapi": "x-fern-global-headers/openapi.yml",
        },
      },
    },
  },
  "packageMarkerFile": {
    "types": {
      "StreamUser": {
        "docs": undefined,
        "properties": {
          "id": {
            "type": "optional<string>",
            "validation": {
              "format": "uuid",
              "maxLength": undefined,
              "minLength": undefined,
              "pattern": undefined,
            },
          },
          "streamed": "optional<literal<true>>",
        },
        "source": {
          "openapi": "x-fern-global-headers/openapi.yml",
        },
      },
      "User": {
        "docs": undefined,
        "properties": {
          "id": {
            "type": "optional<string>",
            "validation": {
              "format": "uuid",
              "maxLength": undefined,
              "minLength": undefined,
              "pattern": undefined,
            },
          },
          "streamed": "optional<literal<false>>",
        },
        "source": {
          "openapi": "x-fern-global-headers/openapi.yml",
        },
      },
    },
  },
  "rootApiFile": {
    "display-name": "Test extension \`x-fern-audiences\` alongside \`x-fern-streaming\`.",
    "error-discrimination": {
      "strategy": "status-code",
    },
    "headers": {
      "X-Global-Test": "string",
    },
    "name": "api",
    "version": {
      "default": "1.0",
      "header": "my-api-version",
      "values": [
        "1.0",
        "latest",
      ],
    },
  },
}
`;
