{
  "title": "Test `json-string` example",
  "servers": [],
  "tags": {
    "tagsById": {}
  },
  "hasEndpointsMarkedInternal": false,
  "endpoints": [],
  "webhooks": [],
  "channel": [],
  "groupedSchemas": {
    "rootSchemas": {
      "User": {
        "allOf": [],
        "properties": [
          {
            "conflict": {},
            "generatedName": "userId",
            "key": "id",
            "schema": {
              "generatedName": "userId",
              "value": {
                "schema": {
                  "format": "uuid",
                  "type": "string"
                },
                "generatedName": "UserId",
                "groupName": [],
                "type": "primitive"
              },
              "groupName": [],
              "type": "optional"
            },
            "audiences": []
          },
          {
            "conflict": {},
            "generatedName": "userMetadata",
            "key": "metadata",
            "schema": {
              "generatedName": "userMetadata",
              "value": {
                "generatedName": "UserMetadata",
                "type": "unknown"
              },
              "groupName": [],
              "type": "optional"
            },
            "audiences": []
          }
        ],
        "allOfPropertyConflicts": [],
        "generatedName": "User",
        "groupName": [],
        "additionalProperties": false,
        "fullExamples": [],
        "source": {
          "file": "../openapi.yml",
          "type": "openapi"
        },
        "type": "object"
      }
    },
    "namespacedSchemas": {}
  },
  "variables": {},
  "nonRequestReferencedSchemas": {},
  "securitySchemes": {},
  "globalHeaders": [],
  "idempotencyHeaders": [],
  "groups": {}
}