{
  "importedDefinitions": {},
  "namedDefinitionFiles": {
    "__package__.yml": {
      "absoluteFilepath": "/Users/alex/code/fern/fern/packages/cli/api-importers/openapi/openapi-ir-to-fern-tests/src/__test__/fixtures/default-content/fern",
      "contents": {
        "types": {
          "GenerateContentResponse": {
            "docs": undefined,
            "inline": undefined,
            "properties": {
              "bar": "optional<string>",
            },
            "source": {
              "openapi": "../openapi.yml",
            },
          },
        },
      },
      "rawContents": "types:
  GenerateContentResponse:
    properties:
      bar: optional<string>
    source:
      openapi: ../openapi.yml
",
    },
    "generativelanguage.yml": {
      "absoluteFilepath": "/Users/alex/code/fern/fern/packages/cli/api-importers/openapi/openapi-ir-to-fern-tests/src/__test__/fixtures/default-content/fern",
      "contents": {
        "imports": {
          "root": "__package__.yml",
        },
        "service": {
          "auth": false,
          "base-path": "",
          "endpoints": {
            "GenerateContent": {
              "auth": false,
              "docs": undefined,
              "examples": [
                {
                  "path-parameters": {
                    "model": "model",
                  },
                  "response": {
                    "body": {
                      "bar": "bar",
                    },
                  },
                },
              ],
              "method": "POST",
              "pagination": undefined,
              "path": "/generateContent",
              "path-parameters": {
                "model": "string",
              },
              "response": {
                "docs": "Successful operation",
                "type": "root.GenerateContentResponse",
              },
              "source": {
                "openapi": "../openapi.yml",
              },
            },
          },
          "source": {
            "openapi": "../openapi.yml",
          },
        },
      },
      "rawContents": "imports:
  root: __package__.yml
service:
  auth: false
  base-path: ''
  endpoints:
    GenerateContent:
      path: /generateContent
      method: POST
      auth: false
      source:
        openapi: ../openapi.yml
      path-parameters:
        model: string
      response:
        docs: Successful operation
        type: root.GenerateContentResponse
      examples:
        - path-parameters:
            model: model
          response:
            body:
              bar: bar
  source:
    openapi: ../openapi.yml
",
    },
  },
  "packageMarkers": {},
  "rootApiFile": {
    "contents": {
      "default-environment": "Default",
      "display-name": "Default Content Type",
      "environments": {
        "Default": "https://ai.com",
      },
      "error-discrimination": {
        "strategy": "status-code",
      },
      "name": "api",
    },
    "defaultUrl": undefined,
    "rawContents": "name: api
error-discrimination:
  strategy: status-code
display-name: Default Content Type
environments:
  Default: https://ai.com
default-environment: Default
",
  },
}