{
  "absoluteFilePath": "/Users/alex/code/fern/fern/packages/cli/api-importers/openapi/openapi-ir-to-fern-tests/src/__test__/fixtures/json-string/fern",
  "importedDefinitions": {},
  "namedDefinitionFiles": {
    "__package__.yml": {
      "absoluteFilepath": "/Users/alex/code/fern/fern/packages/cli/api-importers/openapi/openapi-ir-to-fern-tests/src/__test__/fixtures/json-string/fern",
      "contents": {
        "types": {
          "User": {
            "docs": undefined,
            "inline": undefined,
            "properties": {
              "id": {
                "type": "optional<string>",
                "validation": {
                  "format": "uuid",
                  "maxLength": undefined,
                  "minLength": undefined,
                  "pattern": undefined,
                },
              },
              "metadata": "optional<unknown>",
            },
            "source": {
              "openapi": "../openapi.yml",
            },
          },
        },
      },
      "rawContents": "types:
  User:
    properties:
      id:
        type: optional<string>
        validation:
          format: uuid
      metadata: optional<unknown>
    source:
      openapi: ../openapi.yml
",
    },
  },
  "packageMarkers": {},
  "rootApiFile": {
    "contents": {
      "display-name": "Test `json-string` example",
      "error-discrimination": {
        "strategy": "status-code",
      },
      "name": "api",
    },
    "defaultUrl": undefined,
    "rawContents": "name: api
error-discrimination:
  strategy: status-code
display-name: Test `json-string` example
",
  },
}