{
  "absoluteFilePath": "/Users/alex/code/fern/fern/packages/cli/api-importers/openapi/openapi-ir-to-fern-tests/src/__test__/fixtures/x-fern-resolutions/fern",
  "importedDefinitions": {},
  "namedDefinitionFiles": {
    "__package__.yml": {
      "absoluteFilepath": "/Users/alex/code/fern/fern/packages/cli/api-importers/openapi/openapi-ir-to-fern-tests/src/__test__/fixtures/x-fern-resolutions/fern",
      "contents": {
        "types": {
          "User": {
            "docs": undefined,
            "inline": undefined,
            "properties": {
              "id": {
                "type": "optional<string>",
                "validation": {
                  "format": "uuid",
                  "maxLength": undefined,
                  "minLength": undefined,
                  "pattern": undefined,
                },
              },
            },
            "source": {
              "openapi": "../openapi.yml",
            },
          },
        },
      },
      "rawContents": "types:
  User:
    properties:
      id:
        type: optional<string>
        validation:
          format: uuid
    source:
      openapi: ../openapi.yml
",
    },
    "user.yml": {
      "absoluteFilepath": "/Users/alex/code/fern/fern/packages/cli/api-importers/openapi/openapi-ir-to-fern-tests/src/__test__/fixtures/x-fern-resolutions/fern",
      "contents": {
        "imports": {
          "root": "__package__.yml",
        },
        "service": {
          "auth": false,
          "base-path": "",
          "endpoints": {
            "get": {
              "auth": false,
              "docs": undefined,
              "examples": [
                {
                  "response": {
                    "body": {
                      "id": "id",
                    },
                  },
                },
              ],
              "method": "GET",
              "pagination": undefined,
              "path": "/user",
              "response": {
                "docs": "Success",
                "type": "root.User",
              },
              "source": {
                "openapi": "../openapi.yml",
              },
            },
            "get_all": {
              "auth": false,
              "docs": undefined,
              "examples": [
                {
                  "response": {
                    "body": [
                      {
                        "id": "id",
                      },
                    ],
                  },
                },
              ],
              "method": "GET",
              "pagination": undefined,
              "path": "/users",
              "response": {
                "docs": "Success",
                "type": "list<root.User>",
              },
              "source": {
                "openapi": "../openapi.yml",
              },
            },
          },
          "source": {
            "openapi": "../openapi.yml",
          },
        },
      },
      "rawContents": "imports:
  root: __package__.yml
service:
  auth: false
  base-path: ''
  endpoints:
    get:
      path: /user
      method: GET
      auth: false
      source:
        openapi: ../openapi.yml
      response:
        docs: Success
        type: root.User
      examples:
        - response:
            body:
              id: id
    get_all:
      path: /users
      method: GET
      auth: false
      source:
        openapi: ../openapi.yml
      response:
        docs: Success
        type: list<root.User>
      examples:
        - response:
            body:
              - id: id
  source:
    openapi: ../openapi.yml
",
    },
  },
  "packageMarkers": {},
  "rootApiFile": {
    "contents": {
      "display-name": "Test extension `x-fern-sdk-group-name` for schemas",
      "error-discrimination": {
        "strategy": "status-code",
      },
      "name": "api",
    },
    "defaultUrl": undefined,
    "rawContents": "name: api
error-discrimination:
  strategy: status-code
display-name: Test extension `x-fern-sdk-group-name` for schemas
",
  },
}