{
  "importedDefinitions": {},
  "namedDefinitionFiles": {
    "__package__.yml": {
      "absoluteFilepath": "/Users/alex/code/fern/fern/packages/cli/api-importers/openapi/openapi-ir-to-fern-tests/src/__test__/fixtures/unions-v1/fern",
      "contents": {
        "types": {
          "EnticingTitle": {
            "docs": undefined,
            "inline": undefined,
            "properties": {
              "id": {
                "type": "optional<string>",
                "validation": {
                  "format": "uuid",
                  "maxLength": undefined,
                  "minLength": undefined,
                  "pattern": undefined,
                },
              },
            },
            "source": {
              "openapi": "../openapi.json",
            },
          },
        },
      },
      "rawContents": "types:
  EnticingTitle:
    properties:
      id:
        type: optional<string>
        validation:
          format: uuid
    source:
      openapi: ../openapi.json
",
    },
  },
  "packageMarkers": {},
  "rootApiFile": {
    "contents": {
      "display-name": "Test setting to disable usage of title param",
      "error-discrimination": {
        "strategy": "status-code",
      },
      "name": "api",
    },
    "defaultUrl": undefined,
    "rawContents": "name: api
error-discrimination:
  strategy: status-code
display-name: Test setting to disable usage of title param
",
  },
}