// Vitest Snapshot v1, https://vitest.dev/guide/snapshot.html

exports[`imdb > success 1`] = `"TODO: Implement me!"`;
