{
  "type": "object",
  "properties": {
    "name": {
      "type": "string"
    },
    "contents": {
      "type": "string"
    },
    "info": {
      "$ref": "#/definitions/file"
    }
  },
  "required": [
    "name",
    "contents",
    "info"
  ],
  "definitions": {
    "file": {
      "type": "string",
      "enum": [
        "REGULAR",
        "DIRECTORY"
      ]
    }
  }
}