// Vitest Snapshot v1, https://vitest.dev/guide/snapshot.html

exports[`x-fern-sdk-group-name > x-fern-sdk-group-name > docs 1`] = `
{
  "definitionFiles": {
    "auth/user.yml": {
      "imports": {
        "user": "../user.yml",
      },
      "service": {
        "auth": false,
        "base-path": "",
        "endpoints": {
          "get": {
            "auth": false,
            "docs": "This endpoint should be in \`auth/user.yml\`",
            "examples": [
              {
                "response": {
                  "body": {
                    "associatedPersons": [
                      {
                        "id": "id",
                      },
                    ],
                    "id": "id",
                  },
                },
              },
            ],
            "method": "GET",
            "pagination": undefined,
            "path": "/auth/user",
            "response": {
              "docs": "Success",
              "type": "user.User",
            },
          },
        },
        "source": {
          "openapi": "x-fern-sdk-group-name/openapi.yml",
        },
      },
    },
    "ids/person.yml": {
      "types": {
        "PersonId": "string",
      },
    },
    "ids/user.yml": {
      "types": {
        "UserId": "string",
      },
    },
    "user.yml": {
      "imports": {
        "root": "__package__.yml",
      },
      "types": {
        "User": {
          "docs": "This user object should be in user.yml",
          "properties": {
            "associatedPersons": "optional<list<root.Person>>",
            "id": {
              "type": "optional<string>",
              "validation": {
                "format": "uuid",
                "maxLength": undefined,
                "minLength": undefined,
                "pattern": undefined,
              },
            },
          },
          "source": {
            "openapi": "x-fern-sdk-group-name/openapi.yml",
          },
        },
      },
    },
  },
  "packageMarkerFile": {
    "types": {
      "Person": {
        "docs": undefined,
        "properties": {
          "id": {
            "type": "optional<string>",
            "validation": {
              "format": "uuid",
              "maxLength": undefined,
              "minLength": undefined,
              "pattern": undefined,
            },
          },
        },
        "source": {
          "openapi": "x-fern-sdk-group-name/openapi.yml",
        },
      },
    },
  },
  "rootApiFile": {
    "display-name": "Test extension \`x-fern-sdk-group-name\` for schemas",
    "error-discrimination": {
      "strategy": "status-code",
    },
    "name": "api",
  },
}
`;

exports[`x-fern-sdk-group-name > x-fern-sdk-group-name > simple 1`] = `
{
  "definitionFiles": {
    "auth/user.yml": {
      "imports": {
        "user": "../user.yml",
      },
      "service": {
        "auth": false,
        "base-path": "",
        "endpoints": {
          "get": {
            "auth": false,
            "docs": "This endpoint should be in \`auth/user.yml\`",
            "examples": [
              {
                "response": {
                  "body": {
                    "associatedPersons": [
                      {
                        "id": "id",
                      },
                    ],
                    "id": "id",
                  },
                },
              },
            ],
            "method": "GET",
            "pagination": undefined,
            "path": "/auth/user",
            "response": {
              "docs": "Success",
              "type": "user.User",
            },
          },
        },
        "source": {
          "openapi": "x-fern-sdk-group-name/openapi.yml",
        },
      },
    },
    "ids/person.yml": {
      "types": {
        "PersonId": "string",
      },
    },
    "ids/user.yml": {
      "types": {
        "UserId": "string",
      },
    },
    "user.yml": {
      "imports": {
        "root": "__package__.yml",
      },
      "types": {
        "User": {
          "docs": "This user object should be in user.yml",
          "properties": {
            "associatedPersons": "optional<list<root.Person>>",
            "id": {
              "type": "optional<string>",
              "validation": {
                "format": "uuid",
                "maxLength": undefined,
                "minLength": undefined,
                "pattern": undefined,
              },
            },
          },
          "source": {
            "openapi": "x-fern-sdk-group-name/openapi.yml",
          },
        },
      },
    },
  },
  "packageMarkerFile": {
    "types": {
      "Person": {
        "docs": undefined,
        "properties": {
          "id": {
            "type": "optional<string>",
            "validation": {
              "format": "uuid",
              "maxLength": undefined,
              "minLength": undefined,
              "pattern": undefined,
            },
          },
        },
        "source": {
          "openapi": "x-fern-sdk-group-name/openapi.yml",
        },
      },
    },
  },
  "rootApiFile": {
    "display-name": "Test extension \`x-fern-sdk-group-name\` for schemas",
    "error-discrimination": {
      "strategy": "status-code",
    },
    "name": "api",
  },
}
`;
