{
  "type": "object",
  "properties": {
    "template": {
      "$ref": "#/definitions/v2.v3.problem"
    }
  },
  "required": [
    "template"
  ],
  "definitions": {
    "v2.v3.problem": {
      "type": "object",
      "properties": {
        "templateId": {
          "$ref": "#/definitions/v2.v3.problem"
        },
        "name": {
          "type": "string"
        },
        "implementation": {
          "$ref": "#/definitions/v2.v3.problem"
        }
      },
      "required": [
        "templateId",
        "name",
        "implementation"
      ]
    }
  }
}