{
  "type": "object",
  "properties": {
    "type": {
      "type": "string",
      "enum": [
        "void",
        "nonVoid",
        "voidThatTakesActualResult"
      ]
    }
  },
  "required": [
    "type"
  ],
  "oneOf": [
    {
      "properties": {
        "type": {
          "const": "void"
        },
        "parameters": {
          "type": "array",
          "items": {
            "$ref": "#/definitions/v2.v3.problem"
          }
        }
      },
      "required": [
        "type",
        "parameters"
      ]
    },
    {
      "properties": {
        "type": {
          "const": "nonVoid"
        },
        "parameters": {
          "type": "array",
          "items": {
            "$ref": "#/definitions/v2.v3.problem"
          }
        },
        "returnType": {
          "$ref": "#/definitions/commons"
        }
      },
      "required": [
        "type",
        "parameters",
        "returnType"
      ]
    },
    {
      "properties": {
        "type": {
          "const": "voidThatTakesActualResult"
        },
        "parameters": {
          "type": "array",
          "items": {
            "$ref": "#/definitions/v2.v3.problem"
          }
        },
        "actualResultType": {
          "$ref": "#/definitions/commons"
        }
      },
      "required": [
        "type",
        "parameters",
        "actualResultType"
      ]
    }
  ],
  "definitions": {
    "v2.v3.problem": {
      "type": "object",
      "properties": {
        "parameterId": {
          "$ref": "#/definitions/v2.v3.problem"
        },
        "name": {
          "type": "string"
        },
        "variableType": {
          "$ref": "#/definitions/commons"
        }
      },
      "required": [
        "parameterId",
        "name",
        "variableType"
      ]
    },
    "commons": {
      "type": "object",
      "properties": {
        "type": {
          "type": "string",
          "enum": [
            "integerType",
            "doubleType",
            "booleanType",
            "stringType",
            "charType",
            "listType",
            "mapType",
            "binaryTreeType",
            "singlyLinkedListType",
            "doublyLinkedListType"
          ]
        }
      },
      "required": [
        "type"
      ],
      "oneOf": [
        {
          "properties": {
            "type": {
              "const": "integerType"
            }
          },
          "required": [
            "type"
          ]
        },
        {
          "properties": {
            "type": {
              "const": "doubleType"
            }
          },
          "required": [
            "type"
          ]
        },
        {
          "properties": {
            "type": {
              "const": "booleanType"
            }
          },
          "required": [
            "type"
          ]
        },
        {
          "properties": {
            "type": {
              "const": "stringType"
            }
          },
          "required": [
            "type"
          ]
        },
        {
          "properties": {
            "type": {
              "const": "charType"
            }
          },
          "required": [
            "type"
          ]
        },
        {
          "properties": {
            "type": {
              "const": "listType"
            },
            "valueType": {
              "$ref": "#/definitions/commons"
            },
            "isFixedLength": {
              "type": "boolean"
            }
          },
          "required": [
            "type",
            "valueType"
          ]
        },
        {
          "properties": {
            "type": {
              "const": "mapType"
            },
            "keyType": {
              "$ref": "#/definitions/commons"
            },
            "valueType": {
              "$ref": "#/definitions/commons"
            }
          },
          "required": [
            "type",
            "keyType",
            "valueType"
          ]
        },
        {
          "properties": {
            "type": {
              "const": "binaryTreeType"
            }
          },
          "required": [
            "type"
          ]
        },
        {
          "properties": {
            "type": {
              "const": "singlyLinkedListType"
            }
          },
          "required": [
            "type"
          ]
        },
        {
          "properties": {
            "type": {
              "const": "doublyLinkedListType"
            }
          },
          "required": [
            "type"
          ]
        }
      ]
    }
  }
}