{
  "type": "object",
  "properties": {
    "optionalAlias": {
      "$ref": "#/definitions/types.object.OptionalAlias"
    }
  },
  "definitions": {
    "types.object.OptionalAlias": {
      "type": "string"
    }
  }
}