{
  "type": "object",
  "properties": {
    "type": {
      "type": "string",
      "enum": [
        "integerValue",
        "booleanValue",
        "doubleValue",
        "stringValue",
        "charValue",
        "mapValue",
        "listValue",
        "binaryTreeNodeValue",
        "singlyLinkedListNodeValue",
        "doublyLinkedListNodeValue",
        "undefinedValue",
        "nullValue",
        "genericValue"
      ]
    }
  },
  "required": [
    "type"
  ],
  "oneOf": [
    {
      "properties": {
        "type": {
          "const": "integerValue"
        },
        "value": {
          "type": "integer"
        }
      },
      "required": [
        "type"
      ]
    },
    {
      "properties": {
        "type": {
          "const": "booleanValue"
        },
        "value": {
          "type": "boolean"
        }
      },
      "required": [
        "type"
      ]
    },
    {
      "properties": {
        "type": {
          "const": "doubleValue"
        },
        "value": {
          "type": "number"
        }
      },
      "required": [
        "type"
      ]
    },
    {
      "properties": {
        "type": {
          "const": "stringValue"
        },
        "value": {
          "type": "string"
        }
      },
      "required": [
        "type"
      ]
    },
    {
      "properties": {
        "type": {
          "const": "charValue"
        },
        "value": {
          "type": "string"
        }
      },
      "required": [
        "type"
      ]
    },
    {
      "properties": {
        "type": {
          "const": "mapValue"
        },
        "keyValuePairs": {
          "type": "array",
          "items": {
            "$ref": "#/definitions/commons"
          }
        }
      },
      "required": [
        "type",
        "keyValuePairs"
      ]
    },
    {
      "properties": {
        "type": {
          "const": "listValue"
        },
        "value": {
          "type": "array",
          "items": {
            "$ref": "#/definitions/commons"
          }
        }
      },
      "required": [
        "type"
      ]
    },
    {
      "properties": {
        "type": {
          "const": "binaryTreeNodeValue"
        },
        "nodeId": {
          "$ref": "#/definitions/commons"
        },
        "fullTree": {
          "$ref": "#/definitions/commons"
        }
      },
      "required": [
        "type",
        "nodeId",
        "fullTree"
      ]
    },
    {
      "properties": {
        "type": {
          "const": "singlyLinkedListNodeValue"
        },
        "nodeId": {
          "$ref": "#/definitions/commons"
        },
        "fullList": {
          "$ref": "#/definitions/commons"
        }
      },
      "required": [
        "type",
        "nodeId",
        "fullList"
      ]
    },
    {
      "properties": {
        "type": {
          "const": "doublyLinkedListNodeValue"
        },
        "nodeId": {
          "$ref": "#/definitions/commons"
        },
        "fullList": {
          "$ref": "#/definitions/commons"
        }
      },
      "required": [
        "type",
        "nodeId",
        "fullList"
      ]
    },
    {
      "properties": {
        "type": {
          "const": "undefinedValue"
        }
      },
      "required": [
        "type"
      ]
    },
    {
      "properties": {
        "type": {
          "const": "nullValue"
        }
      },
      "required": [
        "type"
      ]
    },
    {
      "properties": {
        "type": {
          "const": "genericValue"
        },
        "stringifiedType": {
          "type": "string"
        },
        "stringifiedValue": {
          "type": "string"
        }
      },
      "required": [
        "type",
        "stringifiedValue"
      ]
    }
  ],
  "definitions": {
    "commons": {
      "type": "object",
      "properties": {
        "key": {
          "$ref": "#/definitions/commons"
        },
        "value": {
          "$ref": "#/definitions/commons"
        }
      },
      "required": [
        "key",
        "value"
      ]
    }
  }
}