{
  "type": "object",
  "properties": {
    "missingSubmissionId": {
      "$ref": "#/definitions/submission"
    }
  },
  "required": [
    "missingSubmissionId"
  ],
  "definitions": {
    "submission": {
      "type": "string",
      "format": "uuid"
    }
  }
}