{
  "type": "object",
  "properties": {
    "exceptionInfo": {
      "$ref": "#/definitions/ExceptionInfo"
    }
  },
  "required": [
    "exceptionInfo"
  ],
  "definitions": {
    "submission": {
      "type": "object",
      "properties": {
        "exceptionType": {
          "type": "string"
        },
        "exceptionMessage": {
          "type": "string"
        },
        "exceptionStacktrace": {
          "type": "string"
        }
      },
      "required": [
        "exceptionType",
        "exceptionMessage",
        "exceptionStacktrace"
      ]
    }
  }
}