{
  "type": "object",
  "properties": {
    "testCaseId": {
      "$ref": "#/definitions/v2.problem.TestCaseId"
    },
    "grade": {
      "$ref": "#/definitions/submission.TestCaseGrade"
    }
  },
  "required": [
    "testCaseId",
    "grade"
  ],
  "additionalProperties": false,
  "definitions": {
    "v2.problem.TestCaseId": {
      "type": "string"
    },
    "commons.KeyValuePair": {
      "type": "object",
      "properties": {
        "key": {
          "$ref": "#/definitions/commons.VariableValue"
        },
        "value": {
          "$ref": "#/definitions/commons.VariableValue"
        }
      },
      "required": [
        "key",
        "value"
      ],
      "additionalProperties": false
    },
    "commons.NodeId": {
      "type": "string"
    },
    "commons.BinaryTreeNodeValue": {
      "type": "object",
      "properties": {
        "nodeId": {
          "$ref": "#/definitions/commons.NodeId"
        },
        "val": {
          "type": "number"
        },
        "right": {
          "$ref": "#/definitions/commons.NodeId"
        },
        "left": {
          "$ref": "#/definitions/commons.NodeId"
        }
      },
      "required": [
        "nodeId",
        "val"
      ],
      "additionalProperties": false
    },
    "commons.SinglyLinkedListNodeValue": {
      "type": "object",
      "properties": {
        "nodeId": {
          "$ref": "#/definitions/commons.NodeId"
        },
        "val": {
          "type": "number"
        },
        "next": {
          "$ref": "#/definitions/commons.NodeId"
        }
      },
      "required": [
        "nodeId",
        "val"
      ],
      "additionalProperties": false
    },
    "commons.DoublyLinkedListNodeValue": {
      "type": "object",
      "properties": {
        "nodeId": {
          "$ref": "#/definitions/commons.NodeId"
        },
        "val": {
          "type": "number"
        },
        "next": {
          "$ref": "#/definitions/commons.NodeId"
        },
        "prev": {
          "$ref": "#/definitions/commons.NodeId"
        }
      },
      "required": [
        "nodeId",
        "val"
      ],
      "additionalProperties": false
    },
    "commons.VariableValue": {
      "type": "object",
      "properties": {
        "type": {
          "type": "string",
          "enum": [
            "integerValue",
            "booleanValue",
            "doubleValue",
            "stringValue",
            "charValue",
            "mapValue",
            "listValue",
            "binaryTreeValue",
            "singlyLinkedListValue",
            "doublyLinkedListValue",
            "nullValue"
          ]
        }
      },
      "required": [
        "type"
      ],
      "oneOf": [
        {
          "properties": {
            "type": {
              "const": "integerValue"
            },
            "value": {
              "type": "integer"
            }
          },
          "required": [
            "type"
          ]
        },
        {
          "properties": {
            "type": {
              "const": "booleanValue"
            },
            "value": {
              "type": "boolean"
            }
          },
          "required": [
            "type"
          ]
        },
        {
          "properties": {
            "type": {
              "const": "doubleValue"
            },
            "value": {
              "type": "number"
            }
          },
          "required": [
            "type"
          ]
        },
        {
          "properties": {
            "type": {
              "const": "stringValue"
            },
            "value": {
              "type": "string"
            }
          },
          "required": [
            "type"
          ]
        },
        {
          "properties": {
            "type": {
              "const": "charValue"
            },
            "value": {
              "type": "string"
            }
          },
          "required": [
            "type"
          ]
        },
        {
          "properties": {
            "type": {
              "const": "mapValue"
            },
            "keyValuePairs": {
              "type": "array",
              "items": {
                "$ref": "#/definitions/commons.KeyValuePair"
              }
            }
          },
          "required": [
            "type",
            "keyValuePairs"
          ]
        },
        {
          "properties": {
            "type": {
              "const": "listValue"
            },
            "value": {
              "type": "array",
              "items": {
                "$ref": "#/definitions/commons.VariableValue"
              }
            }
          },
          "required": [
            "type"
          ]
        },
        {
          "properties": {
            "type": {
              "const": "binaryTreeValue"
            },
            "root": {
              "$ref": "#/definitions/commons.NodeId"
            },
            "nodes": {
              "type": "object",
              "additionalProperties": {
                "$ref": "#/definitions/commons.BinaryTreeNodeValue"
              }
            }
          },
          "required": [
            "type",
            "nodes"
          ]
        },
        {
          "properties": {
            "type": {
              "const": "singlyLinkedListValue"
            },
            "head": {
              "$ref": "#/definitions/commons.NodeId"
            },
            "nodes": {
              "type": "object",
              "additionalProperties": {
                "$ref": "#/definitions/commons.SinglyLinkedListNodeValue"
              }
            }
          },
          "required": [
            "type",
            "nodes"
          ]
        },
        {
          "properties": {
            "type": {
              "const": "doublyLinkedListValue"
            },
            "head": {
              "$ref": "#/definitions/commons.NodeId"
            },
            "nodes": {
              "type": "object",
              "additionalProperties": {
                "$ref": "#/definitions/commons.DoublyLinkedListNodeValue"
              }
            }
          },
          "required": [
            "type",
            "nodes"
          ]
        },
        {
          "properties": {
            "type": {
              "const": "nullValue"
            }
          },
          "required": [
            "type"
          ]
        }
      ]
    },
    "submission.ExceptionV2": {
      "type": "object",
      "properties": {
        "type": {
          "type": "string",
          "enum": [
            "generic",
            "timeout"
          ]
        }
      },
      "required": [
        "type"
      ],
      "oneOf": [
        {
          "properties": {
            "type": {
              "const": "generic"
            },
            "exceptionType": {
              "type": "string"
            },
            "exceptionMessage": {
              "type": "string"
            },
            "exceptionStacktrace": {
              "type": "string"
            }
          },
          "required": [
            "type",
            "exceptionType",
            "exceptionMessage",
            "exceptionStacktrace"
          ]
        },
        {
          "properties": {
            "type": {
              "const": "timeout"
            }
          },
          "required": [
            "type"
          ]
        }
      ]
    },
    "submission.TestCaseGrade": {
      "type": "object",
      "properties": {
        "type": {
          "type": "string",
          "enum": [
            "hidden",
            "nonHidden"
          ]
        }
      },
      "required": [
        "type"
      ],
      "oneOf": [
        {
          "properties": {
            "type": {
              "const": "hidden"
            },
            "passed": {
              "type": "boolean"
            }
          },
          "required": [
            "type",
            "passed"
          ]
        },
        {
          "properties": {
            "type": {
              "const": "nonHidden"
            },
            "passed": {
              "type": "boolean"
            },
            "actualResult": {
              "$ref": "#/definitions/commons.VariableValue"
            },
            "exception": {
              "$ref": "#/definitions/submission.ExceptionV2"
            },
            "stdout": {
              "type": "string"
            }
          },
          "required": [
            "type",
            "passed",
            "stdout"
          ]
        }
      ]
    }
  }
}