{
  "type": "object",
  "properties": {
    "submissionId": {
      "$ref": "#/definitions/submission"
    },
    "stdout": {
      "type": "string"
    }
  },
  "required": [
    "submissionId",
    "stdout"
  ],
  "definitions": {
    "submission": {
      "type": "string",
      "format": "uuid"
    }
  }
}