// Jest Snapshot v1, https://goo.gl/fbAQLP

exports[`discriminant simple 1`] = `
"types:
  a: string
  b: boolean
  c:
    properties:
      a: integer
  d:
    discriminant: _type
    union:
      a: string
      b: boolean
"
`;
