// Jest Snapshot v1, https://goo.gl/fbAQLP

exports[`open api parser availability parse open api 1`] = `
{
  "apiVersion": null,
  "basePath": null,
  "channel": [],
  "description": null,
  "endpoints": [
    {
      "audiences": [],
      "authed": false,
      "availability": null,
      "description": null,
      "errors": {},
      "examples": [
        {
          "codeSamples": [],
          "description": null,
          "headers": [],
          "name": null,
          "pathParameters": [],
          "queryParameters": [],
          "request": null,
          "response": null,
          "type": "full",
        },
      ],
      "generatedRequestName": "GetCollectionRequest",
      "headers": [
        {
          "availability": "Deprecated",
          "description": null,
          "env": null,
          "name": "X-Deprecated-Header",
          "parameterNameOverride": null,
          "schema": {
            "description": "deprecated header",
            "generatedName": "GetCollectionRequestXDeprecatedHeader",
            "groupName": null,
            "nameOverride": null,
            "type": "nullable",
            "value": {
              "description": "deprecated header",
              "generatedName": "GetCollectionRequestXDeprecatedHeader",
              "groupName": null,
              "nameOverride": null,
              "schema": {
                "default": null,
                "format": null,
                "maxLength": null,
                "minLength": null,
                "pattern": null,
                "type": "string",
              },
              "type": "primitive",
            },
          },
        },
        {
          "availability": null,
          "description": null,
          "env": null,
          "name": "X-Active-Header",
          "parameterNameOverride": null,
          "schema": {
            "description": "active header",
            "generatedName": "GetCollectionRequestXActiveHeader",
            "groupName": null,
            "nameOverride": null,
            "type": "nullable",
            "value": {
              "description": "active header",
              "generatedName": "GetCollectionRequestXActiveHeader",
              "groupName": null,
              "nameOverride": null,
              "schema": {
                "default": null,
                "format": null,
                "maxLength": null,
                "minLength": null,
                "pattern": null,
                "type": "string",
              },
              "type": "primitive",
            },
          },
        },
        {
          "availability": null,
          "description": null,
          "env": null,
          "name": "X-Deprecated-Ref-Header",
          "parameterNameOverride": null,
          "schema": {
            "description": null,
            "generatedName": "GetCollectionRequestXDeprecatedRefHeader",
            "groupName": null,
            "nameOverride": null,
            "type": "nullable",
            "value": {
              "description": null,
              "generatedName": "GetCollectionRequestXDeprecatedRefHeader",
              "groupName": null,
              "nameOverride": null,
              "schema": "WholeDeprecatedSettings",
              "type": "reference",
            },
          },
        },
        {
          "availability": "Beta",
          "description": null,
          "env": null,
          "name": "x-fern-availability_header",
          "parameterNameOverride": null,
          "schema": {
            "description": "active beta header",
            "generatedName": "GetCollectionRequestXFernAvailabilityHeader",
            "groupName": null,
            "nameOverride": null,
            "type": "nullable",
            "value": {
              "description": "active beta header",
              "generatedName": "GetCollectionRequestXFernAvailabilityHeader",
              "groupName": null,
              "nameOverride": null,
              "schema": {
                "default": null,
                "format": null,
                "maxLength": null,
                "minLength": null,
                "pattern": null,
                "type": "string",
              },
              "type": "primitive",
            },
          },
        },
      ],
      "idempotent": null,
      "internal": null,
      "method": "GET",
      "operationId": null,
      "pagination": null,
      "path": "/collection",
      "pathParameters": [
        {
          "availability": "Deprecated",
          "description": null,
          "name": "id",
          "schema": {
            "description": "collection id",
            "generatedName": "GetCollectionRequestId",
            "groupName": null,
            "nameOverride": null,
            "type": "nullable",
            "value": {
              "description": "collection id",
              "generatedName": "GetCollectionRequestId",
              "groupName": null,
              "nameOverride": null,
              "schema": {
                "default": null,
                "format": null,
                "maxLength": null,
                "minLength": null,
                "pattern": null,
                "type": "string",
              },
              "type": "primitive",
            },
          },
          "variableReference": null,
        },
        {
          "availability": null,
          "description": null,
          "name": "active_id",
          "schema": {
            "description": "active header",
            "generatedName": "GetCollectionRequestActiveId",
            "groupName": null,
            "nameOverride": null,
            "type": "nullable",
            "value": {
              "description": "active header",
              "generatedName": "GetCollectionRequestActiveId",
              "groupName": null,
              "nameOverride": null,
              "schema": {
                "default": null,
                "format": null,
                "maxLength": null,
                "minLength": null,
                "pattern": null,
                "type": "string",
              },
              "type": "primitive",
            },
          },
          "variableReference": null,
        },
        {
          "availability": null,
          "description": null,
          "name": "deprecated_ref_id",
          "schema": {
            "description": null,
            "generatedName": "GetCollectionRequestDeprecatedRefId",
            "groupName": null,
            "nameOverride": null,
            "type": "nullable",
            "value": {
              "description": null,
              "generatedName": "GetCollectionRequestDeprecatedRefId",
              "groupName": null,
              "nameOverride": null,
              "schema": "WholeDeprecatedSettings",
              "type": "reference",
            },
          },
          "variableReference": null,
        },
        {
          "availability": "Beta",
          "description": null,
          "name": "x-fern-availability_path_param",
          "schema": {
            "description": "active beta header",
            "generatedName": "GetCollectionRequestXFernAvailabilityPathParam",
            "groupName": null,
            "nameOverride": null,
            "type": "nullable",
            "value": {
              "description": "active beta header",
              "generatedName": "GetCollectionRequestXFernAvailabilityPathParam",
              "groupName": null,
              "nameOverride": null,
              "schema": {
                "default": null,
                "format": null,
                "maxLength": null,
                "minLength": null,
                "pattern": null,
                "type": "string",
              },
              "type": "primitive",
            },
          },
          "variableReference": null,
        },
      ],
      "queryParameters": [
        {
          "availability": "Deprecated",
          "description": null,
          "name": "deprecated_lang",
          "parameterNameOverride": null,
          "schema": {
            "description": "language code",
            "generatedName": "GetCollectionRequestDeprecatedLang",
            "groupName": null,
            "nameOverride": null,
            "type": "nullable",
            "value": {
              "description": "language code",
              "generatedName": "GetCollectionRequestDeprecatedLang",
              "groupName": null,
              "nameOverride": null,
              "schema": {
                "default": null,
                "format": null,
                "maxLength": null,
                "minLength": null,
                "pattern": null,
                "type": "string",
              },
              "type": "primitive",
            },
          },
        },
        {
          "availability": null,
          "description": null,
          "name": "active_lang",
          "parameterNameOverride": null,
          "schema": {
            "description": "language code",
            "generatedName": "GetCollectionRequestActiveLang",
            "groupName": null,
            "nameOverride": null,
            "type": "nullable",
            "value": {
              "description": "language code",
              "generatedName": "GetCollectionRequestActiveLang",
              "groupName": null,
              "nameOverride": null,
              "schema": {
                "default": null,
                "format": null,
                "maxLength": null,
                "minLength": null,
                "pattern": null,
                "type": "string",
              },
              "type": "primitive",
            },
          },
        },
        {
          "availability": null,
          "description": null,
          "name": "deprecated_ref_lang",
          "parameterNameOverride": null,
          "schema": {
            "description": null,
            "generatedName": "GetCollectionRequestDeprecatedRefLang",
            "groupName": null,
            "nameOverride": null,
            "type": "nullable",
            "value": {
              "description": null,
              "generatedName": "GetCollectionRequestDeprecatedRefLang",
              "groupName": null,
              "nameOverride": null,
              "schema": "WholeDeprecatedSettings",
              "type": "reference",
            },
          },
        },
        {
          "availability": "Beta",
          "description": null,
          "name": "x-fern-availability_query_param",
          "parameterNameOverride": null,
          "schema": {
            "description": "active beta query param",
            "generatedName": "GetCollectionRequestXFernAvailabilityQueryParam",
            "groupName": null,
            "nameOverride": null,
            "type": "nullable",
            "value": {
              "description": "active beta query param",
              "generatedName": "GetCollectionRequestXFernAvailabilityQueryParam",
              "groupName": null,
              "nameOverride": null,
              "schema": {
                "default": null,
                "format": null,
                "maxLength": null,
                "minLength": null,
                "pattern": null,
                "type": "string",
              },
              "type": "primitive",
            },
          },
        },
      ],
      "request": null,
      "requestNameOverride": null,
      "response": null,
      "sdkName": null,
      "server": [],
      "summary": null,
      "tags": [],
    },
    {
      "audiences": [],
      "authed": false,
      "availability": null,
      "description": null,
      "errors": {},
      "examples": [
        {
          "codeSamples": [],
          "description": null,
          "headers": [],
          "name": null,
          "pathParameters": [],
          "queryParameters": [],
          "request": {
            "properties": {},
            "type": "object",
          },
          "response": {
            "properties": {
              "not_deprecated_setting": {
                "type": "primitive",
                "value": {
                  "type": "boolean",
                  "value": true,
                },
              },
            },
            "type": "object",
          },
          "type": "full",
        },
      ],
      "generatedRequestName": "PatchSettingsRequest",
      "headers": [],
      "idempotent": null,
      "internal": null,
      "method": "PATCH",
      "operationId": null,
      "pagination": null,
      "path": "/settings",
      "pathParameters": [],
      "queryParameters": [],
      "request": {
        "additionalProperties": false,
        "contentType": null,
        "description": null,
        "schema": {
          "description": null,
          "generatedName": "PatchSettingsRequest",
          "groupName": null,
          "nameOverride": null,
          "schema": "Settings",
          "type": "reference",
        },
        "type": "json",
      },
      "requestNameOverride": null,
      "response": {
        "description": "OK",
        "responseProperty": null,
        "schema": {
          "description": null,
          "generatedName": "PatchSettingsResponse",
          "groupName": null,
          "nameOverride": null,
          "schema": "NotDeprecatedSettings",
          "type": "reference",
        },
        "type": "json",
      },
      "sdkName": null,
      "server": [],
      "summary": null,
      "tags": [],
    },
  ],
  "globalHeaders": [],
  "groups": {},
  "hasEndpointsMarkedInternal": false,
  "idempotencyHeaders": [],
  "nonRequestReferencedSchemas": [
    "WholeDeprecatedSettings",
    "NotDeprecatedSettings",
  ],
  "schemas": {
    "NotDeprecatedSettings": {
      "additionalProperties": false,
      "allOf": [],
      "allOfPropertyConflicts": [],
      "availability": null,
      "description": null,
      "generatedName": "NotDeprecatedSettings",
      "groupName": null,
      "nameOverride": null,
      "properties": [
        {
          "audiences": [],
          "availability": null,
          "conflict": {},
          "generatedName": "notDeprecatedSettingsNotDeprecatedSetting",
          "key": "not_deprecated_setting",
          "nameOverride": null,
          "schema": {
            "description": null,
            "generatedName": "notDeprecatedSettingsNotDeprecatedSetting",
            "groupName": null,
            "nameOverride": null,
            "type": "optional",
            "value": {
              "description": null,
              "generatedName": "NotDeprecatedSettingsNotDeprecatedSetting",
              "groupName": null,
              "nameOverride": null,
              "schema": {
                "default": null,
                "type": "boolean",
              },
              "type": "primitive",
            },
          },
        },
      ],
      "type": "object",
    },
    "Settings": {
      "additionalProperties": false,
      "allOf": [],
      "allOfPropertyConflicts": [],
      "availability": null,
      "description": null,
      "generatedName": "Settings",
      "groupName": null,
      "nameOverride": null,
      "properties": [
        {
          "audiences": [],
          "availability": "Deprecated",
          "conflict": {},
          "generatedName": "settingsDeprecatedSetting",
          "key": "deprecated_setting",
          "nameOverride": null,
          "schema": {
            "description": null,
            "generatedName": "settingsDeprecatedSetting",
            "groupName": null,
            "nameOverride": null,
            "type": "optional",
            "value": {
              "description": null,
              "generatedName": "SettingsDeprecatedSetting",
              "groupName": null,
              "nameOverride": null,
              "schema": {
                "default": null,
                "type": "boolean",
              },
              "type": "primitive",
            },
          },
        },
        {
          "audiences": [],
          "availability": null,
          "conflict": {},
          "generatedName": "settingsNewSetting",
          "key": "new_setting",
          "nameOverride": null,
          "schema": {
            "description": null,
            "generatedName": "settingsNewSetting",
            "groupName": null,
            "nameOverride": null,
            "type": "optional",
            "value": {
              "description": null,
              "generatedName": "SettingsNewSetting",
              "groupName": null,
              "nameOverride": null,
              "schema": {
                "default": null,
                "type": "boolean",
              },
              "type": "primitive",
            },
          },
        },
      ],
      "type": "object",
    },
    "WholeDeprecatedSettings": {
      "additionalProperties": false,
      "allOf": [],
      "allOfPropertyConflicts": [],
      "availability": "Deprecated",
      "description": null,
      "generatedName": "WholeDeprecatedSettings",
      "groupName": null,
      "nameOverride": null,
      "properties": [
        {
          "audiences": [],
          "availability": null,
          "conflict": {},
          "generatedName": "wholeDeprecatedSettingsFineSetting",
          "key": "fine_setting",
          "nameOverride": null,
          "schema": {
            "description": null,
            "generatedName": "wholeDeprecatedSettingsFineSetting",
            "groupName": null,
            "nameOverride": null,
            "type": "optional",
            "value": {
              "description": null,
              "generatedName": "WholeDeprecatedSettingsFineSetting",
              "groupName": null,
              "nameOverride": null,
              "schema": {
                "default": null,
                "type": "boolean",
              },
              "type": "primitive",
            },
          },
        },
      ],
      "type": "object",
    },
  },
  "securitySchemes": {},
  "servers": [],
  "tags": {
    "orderedTagIds": null,
    "tagsById": {},
  },
  "title": "Deprecated params and fields",
  "variables": {},
  "webhooks": [],
}
`;
