// Vitest Snapshot v1, https://vitest.dev/guide/snapshot.html

exports[`file-upload > file-upload > parse open api 1`] = `
{
  "apiVersion": null,
  "basePath": null,
  "channel": [],
  "description": null,
  "endpoints": [
    {
      "audiences": [],
      "authed": false,
      "availability": null,
      "description": null,
      "errors": {},
      "examples": [
        {
          "codeSamples": [],
          "description": null,
          "headers": [],
          "name": null,
          "pathParameters": [],
          "queryParameters": [],
          "request": {
            "properties": {},
            "type": "object",
          },
          "response": null,
          "type": "full",
        },
      ],
      "generatedRequestName": "UploadFileRequest",
      "headers": [],
      "idempotent": null,
      "internal": null,
      "method": "POST",
      "operationId": "upload-file",
      "pagination": null,
      "path": "/upload",
      "pathParameters": [],
      "queryParameters": [],
      "request": {
        "description": null,
        "name": null,
        "properties": [
          {
            "description": "The file to upload",
            "key": "file",
            "schema": {
              "isArray": false,
              "isOptional": false,
              "type": "file",
            },
          },
          {
            "description": null,
            "key": "maybe_file",
            "schema": {
              "isArray": false,
              "isOptional": true,
              "type": "file",
            },
          },
          {
            "description": "The list of files to upload",
            "key": "file_list",
            "schema": {
              "isArray": true,
              "isOptional": false,
              "type": "file",
            },
          },
          {
            "description": null,
            "key": "maybe_file_list",
            "schema": {
              "isArray": true,
              "isOptional": true,
              "type": "file",
            },
          },
          {
            "description": null,
            "key": "maybe_files_allof_list",
            "schema": {
              "isArray": true,
              "isOptional": true,
              "type": "file",
            },
          },
        ],
        "source": {
          "file": "file-upload/openapi.yml",
          "type": "openapi",
        },
        "type": "multipart",
      },
      "requestNameOverride": null,
      "response": null,
      "sdkName": {
        "groupName": [],
        "methodName": undefined,
      },
      "server": [],
      "source": {
        "file": "file-upload/openapi.yml",
        "type": "openapi",
      },
      "summary": "Upload a file",
      "tags": [],
    },
  ],
  "globalHeaders": [],
  "groups": {},
  "hasEndpointsMarkedInternal": false,
  "idempotencyHeaders": [],
  "nonRequestReferencedSchemas": [],
  "schemas": {
    "__no_namespace__": {},
  },
  "securitySchemes": {},
  "servers": [],
  "tags": {
    "orderedTagIds": null,
    "tagsById": {},
  },
  "title": "Test file upload",
  "variables": {},
  "webhooks": [],
}
`;
