// Vitest Snapshot v1, https://vitest.dev/guide/snapshot.html

exports[`x-fern-header > x-fern-header > parse open api 1`] = `
{
  "apiVersion": null,
  "basePath": null,
  "channel": [],
  "description": null,
  "endpoints": [
    {
      "audiences": [],
      "authed": false,
      "availability": null,
      "description": null,
      "errors": {},
      "examples": [],
      "generatedRequestName": "UserGetStreamRequest",
      "headers": [],
      "idempotent": null,
      "internal": null,
      "method": "GET",
      "namespace": null,
      "operationId": "get_stream",
      "pagination": null,
      "path": "/user/{userId}",
      "pathParameters": [
        {
          "availability": null,
          "description": null,
          "name": "userId",
          "parameterNameOverride": null,
          "schema": {
            "availability": null,
            "description": null,
            "generatedName": "UserGetStreamRequestUserId",
            "groupName": [],
            "nameOverride": null,
            "schema": {
              "default": null,
              "format": null,
              "maxLength": null,
              "minLength": null,
              "pattern": null,
              "type": "string",
            },
            "title": null,
            "type": "primitive",
          },
          "source": {
            "file": "x-fern-header/openapi.yml",
            "type": "openapi",
          },
          "variableReference": null,
        },
      ],
      "queryParameters": [],
      "request": {
        "additionalProperties": false,
        "contentType": null,
        "description": null,
        "schema": {
          "additionalProperties": false,
          "allOf": [],
          "allOfPropertyConflicts": [],
          "availability": null,
          "description": null,
          "generatedName": "UserGetStreamRequest",
          "groupName": [],
          "nameOverride": null,
          "properties": [
            {
              "audiences": [
                "public",
              ],
              "availability": null,
              "conflict": {},
              "generatedName": "userGetStreamRequestStream",
              "key": "stream",
              "nameOverride": null,
              "schema": {
                "availability": null,
                "description": null,
                "generatedName": "UserGetStreamRequestStream",
                "groupName": [],
                "nameOverride": null,
                "title": null,
                "type": "literal",
                "value": {
                  "type": "boolean",
                  "value": true,
                },
              },
            },
          ],
          "source": {
            "file": "x-fern-header/openapi.yml",
            "type": "openapi",
          },
          "title": null,
          "type": "object",
        },
        "source": {
          "file": "x-fern-header/openapi.yml",
          "type": "openapi",
        },
        "type": "json",
      },
      "requestNameOverride": null,
      "response": {
        "description": "",
        "responseProperty": null,
        "schema": {
          "availability": null,
          "description": null,
          "generatedName": "UserGetStreamResponse",
          "groupName": null,
          "nameOverride": null,
          "schema": "StreamUser",
          "source": {
            "file": "x-fern-header/openapi.yml",
            "type": "openapi",
          },
          "title": null,
          "type": "reference",
        },
        "source": {
          "file": "x-fern-header/openapi.yml",
          "type": "openapi",
        },
        "type": "streamingJson",
      },
      "sdkName": {
        "groupName": [
          "user",
        ],
        "methodName": "get_stream",
      },
      "server": [],
      "source": {
        "file": "x-fern-header/openapi.yml",
        "type": "openapi",
      },
      "summary": null,
      "tags": [],
    },
    {
      "audiences": [],
      "authed": false,
      "availability": null,
      "description": null,
      "errors": {},
      "examples": [
        {
          "codeSamples": [],
          "description": null,
          "headers": [],
          "name": null,
          "pathParameters": [
            {
              "name": "userId",
              "parameterNameOverride": null,
              "value": {
                "type": "primitive",
                "value": {
                  "type": "string",
                  "value": "userId",
                },
              },
            },
          ],
          "queryParameters": [],
          "request": {
            "properties": {
              "stream": {
                "type": "literal",
                "value": {
                  "type": "boolean",
                  "value": false,
                },
              },
            },
            "type": "object",
          },
          "response": {
            "properties": {
              "id": {
                "type": "primitive",
                "value": {
                  "type": "string",
                  "value": "id",
                },
              },
              "streamed": {
                "type": "literal",
                "value": {
                  "type": "boolean",
                  "value": false,
                },
              },
            },
            "type": "object",
          },
          "type": "full",
        },
      ],
      "generatedRequestName": "UserGetRequest",
      "headers": [],
      "idempotent": null,
      "internal": null,
      "method": "GET",
      "namespace": null,
      "operationId": "get",
      "pagination": null,
      "path": "/user/{userId}",
      "pathParameters": [
        {
          "availability": null,
          "description": null,
          "name": "userId",
          "parameterNameOverride": null,
          "schema": {
            "availability": null,
            "description": null,
            "generatedName": "UserGetRequestUserId",
            "groupName": [],
            "nameOverride": null,
            "schema": {
              "default": null,
              "format": null,
              "maxLength": null,
              "minLength": null,
              "pattern": null,
              "type": "string",
            },
            "title": null,
            "type": "primitive",
          },
          "source": {
            "file": "x-fern-header/openapi.yml",
            "type": "openapi",
          },
          "variableReference": null,
        },
      ],
      "queryParameters": [],
      "request": {
        "additionalProperties": false,
        "contentType": null,
        "description": null,
        "schema": {
          "additionalProperties": false,
          "allOf": [],
          "allOfPropertyConflicts": [],
          "availability": null,
          "description": null,
          "generatedName": "UserGetRequest",
          "groupName": [],
          "nameOverride": null,
          "properties": [
            {
              "audiences": [
                "public",
              ],
              "availability": null,
              "conflict": {},
              "generatedName": "userGetRequestStream",
              "key": "stream",
              "nameOverride": null,
              "schema": {
                "availability": null,
                "description": null,
                "generatedName": "UserGetRequestStream",
                "groupName": [],
                "nameOverride": null,
                "title": null,
                "type": "literal",
                "value": {
                  "type": "boolean",
                  "value": false,
                },
              },
            },
          ],
          "source": {
            "file": "x-fern-header/openapi.yml",
            "type": "openapi",
          },
          "title": null,
          "type": "object",
        },
        "source": {
          "file": "x-fern-header/openapi.yml",
          "type": "openapi",
        },
        "type": "json",
      },
      "requestNameOverride": null,
      "response": {
        "description": "",
        "responseProperty": null,
        "schema": {
          "availability": null,
          "description": null,
          "generatedName": "UserGetResponse",
          "groupName": null,
          "nameOverride": null,
          "schema": "User",
          "source": {
            "file": "x-fern-header/openapi.yml",
            "type": "openapi",
          },
          "title": null,
          "type": "reference",
        },
        "source": {
          "file": "x-fern-header/openapi.yml",
          "type": "openapi",
        },
        "type": "json",
      },
      "sdkName": {
        "groupName": [
          "user",
        ],
        "methodName": "get",
      },
      "server": [],
      "source": {
        "file": "x-fern-header/openapi.yml",
        "type": "openapi",
      },
      "summary": null,
      "tags": [],
    },
  ],
  "globalHeaders": [],
  "groupedSchemas": {
    "namespacedSchemas": {},
    "rootSchemas": {
      "StreamUser": {
        "additionalProperties": false,
        "allOf": [],
        "allOfPropertyConflicts": [],
        "availability": null,
        "description": null,
        "generatedName": "StreamUser",
        "groupName": [],
        "nameOverride": null,
        "properties": [
          {
            "audiences": [],
            "availability": null,
            "conflict": {},
            "generatedName": "streamUserId",
            "key": "id",
            "nameOverride": null,
            "schema": {
              "availability": null,
              "description": null,
              "generatedName": "streamUserId",
              "groupName": [],
              "nameOverride": null,
              "title": null,
              "type": "optional",
              "value": {
                "availability": null,
                "description": null,
                "generatedName": "StreamUserId",
                "groupName": [],
                "nameOverride": null,
                "schema": {
                  "default": null,
                  "format": "uuid",
                  "maxLength": null,
                  "minLength": null,
                  "pattern": null,
                  "type": "string",
                },
                "title": null,
                "type": "primitive",
              },
            },
          },
          {
            "audiences": [],
            "availability": null,
            "conflict": {},
            "generatedName": "streamUserStreamed",
            "key": "streamed",
            "nameOverride": null,
            "schema": {
              "availability": null,
              "description": null,
              "generatedName": "streamUserStreamed",
              "groupName": [],
              "nameOverride": null,
              "title": null,
              "type": "optional",
              "value": {
                "availability": null,
                "description": null,
                "generatedName": "StreamUserStreamed",
                "groupName": null,
                "nameOverride": null,
                "title": null,
                "type": "literal",
                "value": {
                  "type": "boolean",
                  "value": true,
                },
              },
            },
          },
        ],
        "source": {
          "file": "x-fern-header/openapi.yml",
          "type": "openapi",
        },
        "title": null,
        "type": "object",
      },
      "User": {
        "additionalProperties": false,
        "allOf": [],
        "allOfPropertyConflicts": [],
        "availability": null,
        "description": null,
        "generatedName": "User",
        "groupName": [],
        "nameOverride": null,
        "properties": [
          {
            "audiences": [],
            "availability": null,
            "conflict": {},
            "generatedName": "userId",
            "key": "id",
            "nameOverride": null,
            "schema": {
              "availability": null,
              "description": null,
              "generatedName": "userId",
              "groupName": [],
              "nameOverride": null,
              "title": null,
              "type": "optional",
              "value": {
                "availability": null,
                "description": null,
                "generatedName": "UserId",
                "groupName": [],
                "nameOverride": null,
                "schema": {
                  "default": null,
                  "format": "uuid",
                  "maxLength": null,
                  "minLength": null,
                  "pattern": null,
                  "type": "string",
                },
                "title": null,
                "type": "primitive",
              },
            },
          },
          {
            "audiences": [],
            "availability": null,
            "conflict": {},
            "generatedName": "userStreamed",
            "key": "streamed",
            "nameOverride": null,
            "schema": {
              "availability": null,
              "description": null,
              "generatedName": "userStreamed",
              "groupName": [],
              "nameOverride": null,
              "title": null,
              "type": "optional",
              "value": {
                "availability": null,
                "description": null,
                "generatedName": "UserStreamed",
                "groupName": null,
                "nameOverride": null,
                "title": null,
                "type": "literal",
                "value": {
                  "type": "boolean",
                  "value": false,
                },
              },
            },
          },
        ],
        "source": {
          "file": "x-fern-header/openapi.yml",
          "type": "openapi",
        },
        "title": null,
        "type": "object",
      },
    },
  },
  "groups": {},
  "hasEndpointsMarkedInternal": false,
  "idempotencyHeaders": [],
  "nonRequestReferencedSchemas": [
    "StreamUser",
    "User",
  ],
  "securitySchemes": {
    "Bearer": {
      "headerEnvVar": "MY_API_TOKEN",
      "headerName": "Authorization",
      "headerVariableName": "token",
      "prefix": "Token",
      "type": "header",
    },
  },
  "servers": [],
  "tags": {
    "orderedTagIds": null,
    "tagsById": {},
  },
  "title": "Test extension \`x-fern-audiences\` alongside \`x-fern-streaming\`.",
  "variables": {},
  "webhooks": [],
}
`;
