// Jest Snapshot v1, https://goo.gl/fbAQLP

exports[`availability availability docs 1`] = `
{
  "definitionFiles": {},
  "packageMarkerFile": {
    "service": {
      "auth": false,
      "base-path": "",
      "endpoints": {
        "getCollection": {
          "auth": false,
          "docs": undefined,
          "examples": [
            {},
          ],
          "method": "GET",
          "pagination": undefined,
          "path": "/collection",
          "path-parameters": {
            "active_id": "optional<string>",
            "deprecated_ref_id": "optional<WholeDeprecatedSettings>",
            "id": "optional<string>",
            "x-fern-availability_path_param": "optional<string>",
          },
          "request": {
            "headers": {
              "X-Active-Header": {
                "name": "activeHeader",
                "type": "optional<string>",
              },
              "X-Deprecated-Header": {
                "availability": "deprecated",
                "name": "deprecatedHeader",
                "type": "optional<string>",
              },
              "X-Deprecated-Ref-Header": {
                "name": "deprecatedRefHeader",
                "type": "optional<WholeDeprecatedSettings>",
              },
              "x-fern-availability_header": {
                "availability": "pre-release",
                "name": "fernAvailabilityHeader",
                "type": "optional<string>",
              },
            },
            "name": "GetCollectionRequest",
            "query-parameters": {
              "active_lang": "optional<string>",
              "deprecated_lang": "optional<string>",
              "deprecated_ref_lang": "optional<WholeDeprecatedSettings>",
              "x-fern-availability_query_param": "optional<string>",
            },
          },
        },
        "patchSettings": {
          "auth": false,
          "docs": undefined,
          "examples": [
            {
              "request": {},
              "response": {
                "body": {
                  "not_deprecated_setting": true,
                },
              },
            },
          ],
          "method": "PATCH",
          "pagination": undefined,
          "path": "/settings",
          "request": {
            "body": {
              "properties": {
                "deprecated_setting": "optional<boolean>",
                "new_setting": "optional<boolean>",
              },
            },
            "headers": undefined,
            "name": "Settings",
            "query-parameters": undefined,
          },
          "response": {
            "docs": "OK",
            "type": "NotDeprecatedSettings",
          },
        },
      },
    },
    "types": {
      "NotDeprecatedSettings": {
        "docs": undefined,
        "properties": {
          "not_deprecated_setting": "optional<boolean>",
        },
      },
      "WholeDeprecatedSettings": {
        "availability": "deprecated",
        "docs": undefined,
        "properties": {
          "fine_setting": "optional<boolean>",
        },
      },
    },
  },
  "rootApiFile": {
    "display-name": "Deprecated params and fields",
    "error-discrimination": {
      "strategy": "status-code",
    },
    "imports": {
      "root": "__package__.yml",
    },
    "name": "api",
  },
}
`;

exports[`availability availability simple 1`] = `
{
  "definitionFiles": {},
  "packageMarkerFile": {
    "service": {
      "auth": false,
      "base-path": "",
      "endpoints": {
        "getCollection": {
          "auth": false,
          "docs": undefined,
          "examples": [
            {},
          ],
          "method": "GET",
          "pagination": undefined,
          "path": "/collection",
          "path-parameters": {
            "active_id": "optional<string>",
            "deprecated_ref_id": "optional<WholeDeprecatedSettings>",
            "id": "optional<string>",
            "x-fern-availability_path_param": "optional<string>",
          },
          "request": {
            "headers": {
              "X-Active-Header": {
                "name": "activeHeader",
                "type": "optional<string>",
              },
              "X-Deprecated-Header": {
                "availability": "deprecated",
                "name": "deprecatedHeader",
                "type": "optional<string>",
              },
              "X-Deprecated-Ref-Header": {
                "name": "deprecatedRefHeader",
                "type": "optional<WholeDeprecatedSettings>",
              },
              "x-fern-availability_header": {
                "availability": "pre-release",
                "name": "fernAvailabilityHeader",
                "type": "optional<string>",
              },
            },
            "name": "GetCollectionRequest",
            "query-parameters": {
              "active_lang": "optional<string>",
              "deprecated_lang": "optional<string>",
              "deprecated_ref_lang": "optional<WholeDeprecatedSettings>",
              "x-fern-availability_query_param": "optional<string>",
            },
          },
        },
        "patchSettings": {
          "auth": false,
          "docs": undefined,
          "examples": [
            {
              "request": {},
              "response": {
                "body": {
                  "not_deprecated_setting": true,
                },
              },
            },
          ],
          "method": "PATCH",
          "pagination": undefined,
          "path": "/settings",
          "request": {
            "body": {
              "properties": {
                "deprecated_setting": "optional<boolean>",
                "new_setting": "optional<boolean>",
              },
            },
            "headers": undefined,
            "name": "Settings",
            "query-parameters": undefined,
          },
          "response": {
            "docs": "OK",
            "type": "NotDeprecatedSettings",
          },
        },
      },
    },
    "types": {
      "NotDeprecatedSettings": {
        "docs": undefined,
        "properties": {
          "not_deprecated_setting": "optional<boolean>",
        },
      },
      "WholeDeprecatedSettings": {
        "availability": "deprecated",
        "docs": undefined,
        "properties": {
          "fine_setting": "optional<boolean>",
        },
      },
    },
  },
  "rootApiFile": {
    "display-name": "Deprecated params and fields",
    "error-discrimination": {
      "strategy": "status-code",
    },
    "imports": {
      "root": "__package__.yml",
    },
    "name": "api",
  },
}
`;
