{
  "type": "object",
  "properties": {
    "_type": {
      "type": "string",
      "enum": [
        "foo",
        "bar"
      ]
    }
  },
  "required": [
    "_type"
  ],
  "oneOf": [
    {
      "properties": {
        "_type": {
          "const": "foo"
        },
        "value": {
          "$ref": "#/definitions/types"
        }
      },
      "required": [
        "_type"
      ]
    },
    {
      "properties": {
        "_type": {
          "const": "bar"
        },
        "value": {
          "$ref": "#/definitions/types"
        }
      },
      "required": [
        "_type"
      ]
    }
  ],
  "definitions": {
    "types": {
      "type": "object",
      "properties": {
        "name": {
          "type": "string"
        }
      },
      "required": [
        "name"
      ]
    }
  }
}