{
  "type": "object",
  "properties": {
    "expectedValueParameterId": {
      "$ref": "#/definitions/v2.problem"
    }
  },
  "required": [
    "expectedValueParameterId"
  ],
  "definitions": {
    "v2.problem": {
      "type": "string"
    }
  }
}