{
  "type": "object",
  "properties": {
    "problemId": {
      "$ref": "#/definitions/commons"
    },
    "problemDescription": {
      "$ref": "#/definitions/problem"
    },
    "problemName": {
      "type": "string"
    },
    "problemVersion": {
      "type": "integer"
    },
    "supportedLanguages": {
      "type": "array",
      "items": {
        "$ref": "#/definitions/commons"
      },
      "uniqueItems": true
    },
    "customFiles": {
      "$ref": "#/definitions/v2.problem"
    },
    "generatedFiles": {
      "$ref": "#/definitions/v2.problem"
    },
    "customTestCaseTemplates": {
      "type": "array",
      "items": {
        "$ref": "#/definitions/v2.problem"
      }
    },
    "testcases": {
      "type": "array",
      "items": {
        "$ref": "#/definitions/v2.problem"
      }
    },
    "isPublic": {
      "type": "boolean"
    }
  },
  "required": [
    "problemId",
    "problemDescription",
    "problemName",
    "problemVersion",
    "supportedLanguages",
    "customFiles",
    "generatedFiles",
    "customTestCaseTemplates",
    "testcases",
    "isPublic"
  ],
  "definitions": {
    "commons": {
      "type": "string"
    },
    "problem": {
      "type": "object",
      "properties": {
        "boards": {
          "type": "array",
          "items": {
            "$ref": "#/definitions/problem"
          }
        }
      },
      "required": [
        "boards"
      ]
    },
    "v2.problem": {
      "type": "object",
      "properties": {
        "type": {
          "type": "string",
          "enum": [
            "basic",
            "custom"
          ]
        }
      },
      "required": [
        "type"
      ],
      "oneOf": [
        {
          "properties": {
            "type": {
              "const": "basic"
            },
            "methodName": {
              "type": "string"
            },
            "signature": {
              "$ref": "#/definitions/v2.problem"
            },
            "additionalFiles": {
              "type": "object",
              "additionalProperties": {
                "$ref": "#/definitions/v2.problem"
              }
            },
            "basicTestCaseTemplate": {
              "$ref": "#/definitions/v2.problem"
            }
          },
          "required": [
            "type",
            "methodName",
            "signature",
            "additionalFiles",
            "basicTestCaseTemplate"
          ]
        },
        {
          "properties": {
            "type": {
              "const": "custom"
            },
            "value": {
              "type": "object",
              "additionalProperties": {
                "$ref": "#/definitions/v2.problem"
              }
            }
          },
          "required": [
            "type"
          ]
        }
      ]
    }
  }
}