{
  "type": "object",
  "properties": {
    "id": {
      "$ref": "#/definitions/v2.problem"
    },
    "name": {
      "type": "string"
    },
    "hidden": {
      "type": "boolean"
    }
  },
  "required": [
    "id",
    "name",
    "hidden"
  ],
  "definitions": {
    "v2.problem": {
      "type": "string"
    }
  }
}